[2026-02-10T02:23:48.826Z] Backend starting...
[2026-02-10T02:23:48.827Z] CWD: /Users/mohamedcoulibaly/MVP/Pro/retail-manager/backend/local-bridge
[2026-02-10T02:23:48.827Z] Port: 8787
[2026-02-10T02:23:48.827Z] Calling start()...
[2026-02-10T02:23:48.827Z] Initializing Fastify...
[2026-02-10T02:23:48.846Z] Attempting to listen on port 8787...
[2026-02-10T02:23:48.851Z] LocalBridge listening on http://localhost:8787
[2026-02-13T12:14:13.529Z] Backend starting...
[2026-02-13T12:14:13.531Z] CWD: /Users/mohamedcoulibaly/MVP/Pro/retail-manager/backend/local-bridge
[2026-02-13T12:14:13.531Z] Port: 8787
[2026-02-13T12:14:13.531Z] Calling start()...
[2026-02-13T12:14:13.531Z] Initializing Fastify...
[2026-02-13T12:14:13.558Z] Attempting to listen on port 8787...
[2026-02-13T12:14:13.567Z] LocalBridge listening on http://localhost:8787
[2026-02-14T13:35:16.623Z] Backend starting...
[2026-02-14T13:35:16.637Z] CWD: /Users/mohamedcoulibaly/MVP/Pro/retail-manager/backend/local-bridge
[2026-02-14T13:35:16.638Z] Port: 8787
[2026-02-14T13:35:16.638Z] Calling start()...
[2026-02-14T13:35:16.638Z] Initializing Fastify...
[2026-02-14T13:35:16.799Z] Attempting to listen on port 8787...
[2026-02-14T13:35:16.828Z] LocalBridge listening on http://localhost:8787
